// Jest Snapshot v1, https://goo.gl/fbAQLP

exports[`App component renders App 1`] = `
<BrowserRouter>
  <Header />
  <Route
    component={[Function]}
    path="/"
  />
  <Route
    component={[Function]}
    path="/"
  />
</BrowserRouter>
`;
