// Jest Snapshot v1, https://goo.gl/fbAQLP

exports[`Loading component matches a snapshot 1`] = `
<h1>
  ...Loading...PLEASE STAND BY...
</h1>
`;
